Archive member included to satisfy reference by file (symbol)

/home/ashwin/software/plugins/fr.ac6.mcu.externaltools.arm-none.linux64_1.17.0.201812190825/tools/compiler/bin/../lib/gcc/arm-none-eabi/7.3.1/thumb/v7e-m/fpv4-sp/hard/libgcc.a(_aeabi_uldivmod.o)
                              Drivers/STM32F4xx_HAL_Driver/Src/stm32f4xx_hal_rcc.o (__aeabi_uldivmod)
/home/ashwin/software/plugins/fr.ac6.mcu.externaltools.arm-none.linux64_1.17.0.201812190825/tools/compiler/bin/../lib/gcc/arm-none-eabi/7.3.1/thumb/v7e-m/fpv4-sp/hard/libgcc.a(_udivmoddi4.o)
                              /home/ashwin/software/plugins/fr.ac6.mcu.externaltools.arm-none.linux64_1.17.0.201812190825/tools/compiler/bin/../lib/gcc/arm-none-eabi/7.3.1/thumb/v7e-m/fpv4-sp/hard/libgcc.a(_aeabi_uldivmod.o) (__udivmoddi4)
/home/ashwin/software/plugins/fr.ac6.mcu.externaltools.arm-none.linux64_1.17.0.201812190825/tools/compiler/bin/../lib/gcc/arm-none-eabi/7.3.1/thumb/v7e-m/fpv4-sp/hard/libgcc.a(_dvmd_tls.o)
                              /home/ashwin/software/plugins/fr.ac6.mcu.externaltools.arm-none.linux64_1.17.0.201812190825/tools/compiler/bin/../lib/gcc/arm-none-eabi/7.3.1/thumb/v7e-m/fpv4-sp/hard/libgcc.a(_aeabi_uldivmod.o) (__aeabi_ldiv0)
/home/ashwin/software/plugins/fr.ac6.mcu.externaltools.arm-none.linux64_1.17.0.201812190825/tools/compiler/bin/../lib/gcc/arm-none-eabi/7.3.1/../../../../arm-none-eabi/lib/thumb/v7e-m/fpv4-sp/hard/libc_nano.a(lib_a-errno.o)
                              Core/Src/syscalls.o (__errno)
/home/ashwin/software/plugins/fr.ac6.mcu.externaltools.arm-none.linux64_1.17.0.201812190825/tools/compiler/bin/../lib/gcc/arm-none-eabi/7.3.1/../../../../arm-none-eabi/lib/thumb/v7e-m/fpv4-sp/hard/libc_nano.a(lib_a-exit.o)
                              /home/ashwin/software/plugins/fr.ac6.mcu.externaltools.arm-none.linux64_1.17.0.201812190825/tools/compiler/bin/../lib/gcc/arm-none-eabi/7.3.1/../../../../arm-none-eabi/lib/thumb/v7e-m/fpv4-sp/hard/crt0.o (exit)
/home/ashwin/software/plugins/fr.ac6.mcu.externaltools.arm-none.linux64_1.17.0.201812190825/tools/compiler/bin/../lib/gcc/arm-none-eabi/7.3.1/../../../../arm-none-eabi/lib/thumb/v7e-m/fpv4-sp/hard/libc_nano.a(lib_a-impure.o)
                              /home/ashwin/software/plugins/fr.ac6.mcu.externaltools.arm-none.linux64_1.17.0.201812190825/tools/compiler/bin/../lib/gcc/arm-none-eabi/7.3.1/../../../../arm-none-eabi/lib/thumb/v7e-m/fpv4-sp/hard/libc_nano.a(lib_a-exit.o) (_global_impure_ptr)
/home/ashwin/software/plugins/fr.ac6.mcu.externaltools.arm-none.linux64_1.17.0.201812190825/tools/compiler/bin/../lib/gcc/arm-none-eabi/7.3.1/../../../../arm-none-eabi/lib/thumb/v7e-m/fpv4-sp/hard/libc_nano.a(lib_a-init.o)
                              /home/ashwin/software/plugins/fr.ac6.mcu.externaltools.arm-none.linux64_1.17.0.201812190825/tools/compiler/bin/../lib/gcc/arm-none-eabi/7.3.1/../../../../arm-none-eabi/lib/thumb/v7e-m/fpv4-sp/hard/crt0.o (__libc_init_array)
/home/ashwin/software/plugins/fr.ac6.mcu.externaltools.arm-none.linux64_1.17.0.201812190825/tools/compiler/bin/../lib/gcc/arm-none-eabi/7.3.1/../../../../arm-none-eabi/lib/thumb/v7e-m/fpv4-sp/hard/libc_nano.a(lib_a-memset.o)
                              /home/ashwin/software/plugins/fr.ac6.mcu.externaltools.arm-none.linux64_1.17.0.201812190825/tools/compiler/bin/../lib/gcc/arm-none-eabi/7.3.1/../../../../arm-none-eabi/lib/thumb/v7e-m/fpv4-sp/hard/crt0.o (memset)
/home/ashwin/software/plugins/fr.ac6.mcu.externaltools.arm-none.linux64_1.17.0.201812190825/tools/compiler/bin/../lib/gcc/arm-none-eabi/7.3.1/../../../../arm-none-eabi/lib/thumb/v7e-m/fpv4-sp/hard/libc_nano.a(lib_a-strlen.o)
                              Core/Src/main.o (strlen)

Allocating common symbols
Common symbol       size              file

buff                0x64              Core/Src/main.o
uwTick              0x4               Drivers/STM32F4xx_HAL_Driver/Src/stm32f4xx_hal.o
temp                0x1               Core/Src/main.o
pFlash              0x20              Drivers/STM32F4xx_HAL_Driver/Src/stm32f4xx_hal_flash.o
huart2              0x44              Core/Src/it.o

Discarded input sections

 .text          0x0000000000000000        0x0 /home/ashwin/software/plugins/fr.ac6.mcu.externaltools.arm-none.linux64_1.17.0.201812190825/tools/compiler/bin/../lib/gcc/arm-none-eabi/7.3.1/thumb/v7e-m/fpv4-sp/hard/crti.o
 .data          0x0000000000000000        0x0 /home/ashwin/software/plugins/fr.ac6.mcu.externaltools.arm-none.linux64_1.17.0.201812190825/tools/compiler/bin/../lib/gcc/arm-none-eabi/7.3.1/thumb/v7e-m/fpv4-sp/hard/crti.o
 .bss           0x0000000000000000        0x0 /home/ashwin/software/plugins/fr.ac6.mcu.externaltools.arm-none.linux64_1.17.0.201812190825/tools/compiler/bin/../lib/gcc/arm-none-eabi/7.3.1/thumb/v7e-m/fpv4-sp/hard/crti.o
[...]
Memory Configuration

Name             Origin             Length             Attributes
RAM              0x0000000020000000 0x0000000000018000 xrw
FLASH            0x0000000008000000 0x0000000000080000 xr
*default*        0x0000000000000000 0xffffffffffffffff

Linker script and memory map

LOAD /home/ashwin/software/plugins/fr.ac6.mcu.externaltools.arm-none.linux64_1.17.0.201812190825/tools/compiler/bin/../lib/gcc/arm-none-eabi/7.3.1/thumb/v7e-m/fpv4-sp/hard/crti.o
LOAD /home/ashwin/software/plugins/fr.ac6.mcu.externaltools.arm-none.linux64_1.17.0.201812190825/tools/compiler/bin/../lib/gcc/arm-none-eabi/7.3.1/thumb/v7e-m/fpv4-sp/hard/crtbegin.o
LOAD /home/ashwin/software/plugins/fr.ac6.mcu.externaltools.arm-none.linux64_1.17.0.201812190825/tools/compiler/bin/../lib/gcc/arm-none-eabi/7.3.1/../../../../arm-none-eabi/lib/thumb/v7e-m/fpv4-sp/hard/crt0.o
LOAD Core/Src/it.o
LOAD Core/Src/main.o
LOAD Core/Src/msp.o
LOAD Core/Src/syscalls.o
LOAD Core/Src/system_stm32f4xx.o
LOAD Drivers/STM32F4xx_HAL_Driver/Src/stm32f4xx_hal.o
LOAD Drivers/STM32F4xx_HAL_Driver/Src/stm32f4xx_hal_cortex.o
LOAD Drivers/STM32F4xx_HAL_Driver/Src/stm32f4xx_hal_dma.o
LOAD Drivers/STM32F4xx_HAL_Driver/Src/stm32f4xx_hal_dma_ex.o
LOAD Drivers/STM32F4xx_HAL_Driver/Src/stm32f4xx_hal_exti.o
LOAD Drivers/STM32F4xx_HAL_Driver/Src/stm32f4xx_hal_flash.o
LOAD Drivers/STM32F4xx_HAL_Driver/Src/stm32f4xx_hal_flash_ex.o
LOAD Drivers/STM32F4xx_HAL_Driver/Src/stm32f4xx_hal_flash_ramfunc.o
LOAD Drivers/STM32F4xx_HAL_Driver/Src/stm32f4xx_hal_gpio.o
LOAD Drivers/STM32F4xx_HAL_Driver/Src/stm32f4xx_hal_pwr.o
LOAD Drivers/STM32F4xx_HAL_Driver/Src/stm32f4xx_hal_pwr_ex.o
LOAD Drivers/STM32F4xx_HAL_Driver/Src/stm32f4xx_hal_rcc.o
LOAD Drivers/STM32F4xx_HAL_Driver/Src/stm32f4xx_hal_rcc_ex.o
LOAD Drivers/STM32F4xx_HAL_Driver/Src/stm32f4xx_hal_tim.o
LOAD Drivers/STM32F4xx_HAL_Driver/Src/stm32f4xx_hal_tim_ex.o
LOAD Drivers/STM32F4xx_HAL_Driver/Src/stm32f4xx_hal_uart.o
LOAD startup/startup_stm32f401xe.o
LOAD /home/ashwin/software/plugins/fr.ac6.mcu.externaltools.arm-none.linux64_1.17.0.201812190825/tools/compiler/bin/../lib/gcc/arm-none-eabi/7.3.1/../../../../arm-none-eabi/lib/thumb/v7e-m/fpv4-sp/hard/libm.a
START GROUP
LOAD /home/ashwin/software/plugins/fr.ac6.mcu.externaltools.arm-none.linux64_1.17.0.201812190825/tools/compiler/bin/../lib/gcc/arm-none-eabi/7.3.1/thumb/v7e-m/fpv4-sp/hard/libgcc.a
LOAD /home/ashwin/software/plugins/fr.ac6.mcu.externaltools.arm-none.linux64_1.17.0.201812190825/tools/compiler/bin/../lib/gcc/arm-none-eabi/7.3.1/../../../../arm-none-eabi/lib/thumb/v7e-m/fpv4-sp/hard/libc_nano.a
END GROUP
START GROUP
LOAD /home/ashwin/software/plugins/fr.ac6.mcu.externaltools.arm-none.linux64_1.17.0.201812190825/tools/compiler/bin/../lib/gcc/arm-none-eabi/7.3.1/thumb/v7e-m/fpv4-sp/hard/libgcc.a
LOAD /home/ashwin/software/plugins/fr.ac6.mcu.externaltools.arm-none.linux64_1.17.0.201812190825/tools/compiler/bin/../lib/gcc/arm-none-eabi/7.3.1/../../../../arm-none-eabi/lib/thumb/v7e-m/fpv4-sp/hard/libc_nano.a
LOAD /home/ashwin/software/plugins/fr.ac6.mcu.externaltools.arm-none.linux64_1.17.0.201812190825/tools/compiler/bin/../lib/gcc/arm-none-eabi/7.3.1/../../../../arm-none-eabi/lib/thumb/v7e-m/fpv4-sp/hard/libnosys.a
END GROUP
START GROUP
LOAD /home/ashwin/software/plugins/fr.ac6.mcu.externaltools.arm-none.linux64_1.17.0.201812190825/tools/compiler/bin/../lib/gcc/arm-none-eabi/7.3.1/thumb/v7e-m/fpv4-sp/hard/libgcc.a
LOAD /home/ashwin/software/plugins/fr.ac6.mcu.externaltools.arm-none.linux64_1.17.0.201812190825/tools/compiler/bin/../lib/gcc/arm-none-eabi/7.3.1/../../../../arm-none-eabi/lib/thumb/v7e-m/fpv4-sp/hard/libc_nano.a
LOAD /home/ashwin/software/plugins/fr.ac6.mcu.externaltools.arm-none.linux64_1.17.0.201812190825/tools/compiler/bin/../lib/gcc/arm-none-eabi/7.3.1/../../../../arm-none-eabi/lib/thumb/v7e-m/fpv4-sp/hard/libnosys.a
END GROUP
LOAD /home/ashwin/software/plugins/fr.ac6.mcu.externaltools.arm-none.linux64_1.17.0.201812190825/tools/compiler/bin/../lib/gcc/arm-none-eabi/7.3.1/thumb/v7e-m/fpv4-sp/hard/crtend.o
LOAD /home/ashwin/software/plugins/fr.ac6.mcu.externaltools.arm-none.linux64_1.17.0.201812190825/tools/compiler/bin/../lib/gcc/arm-none-eabi/7.3.1/thumb/v7e-m/fpv4-sp/hard/crtn.o
                0x0000000020018000                _estack = 0x20018000
                0x0000000000000200                _Min_Heap_Size = 0x200
                0x0000000000000400                _Min_Stack_Size = 0x400

.isr_vector     0x0000000008000000      0x194
                0x0000000008000000                . = ALIGN (0x4)
 *(.isr_vector)
 .isr_vector    0x0000000008000000      0x194 startup/startup_stm32f401xe.o
                0x0000000008000000                g_pfnVectors
                0x0000000008000194                . = ALIGN (0x4)

.text           0x0000000008000194     0x117c
                0x0000000008000194                . = ALIGN (0x4)
 *(.text)
 .text          0x0000000008000194       0x40 /home/ashwin/software/plugins/fr.ac6.mcu.externaltools.arm-none.linux64_1.17.0.201812190825/tools/compiler/bin/../lib/gcc/arm-none-eabi/7.3.1/thumb/v7e-m/fpv4-sp/hard/crtbegin.o
 .text          0x00000000080001d4       0x30 /home/ashwin/software/plugins/fr.ac6.mcu.externaltools.arm-none.linux64_1.17.0.201812190825/tools/compiler/bin/../lib/gcc/arm-none-eabi/7.3.1/thumb/v7e-m/fpv4-sp/hard/libgcc.a(_aeabi_uldivmod.o)
                0x00000000080001d4                __aeabi_uldivmod
 .text          0x0000000008000204      0x2cc /home/ashwin/software/plugins/fr.ac6.mcu.externaltools.arm-none.linux64_1.17.0.201812190825/tools/compiler/bin/../lib/gcc/arm-none-eabi/7.3.1/thumb/v7e-m/fpv4-sp/hard/libgcc.a(_udivmoddi4.o)
                0x0000000008000204                __udivmoddi4
 .text          0x00000000080004d0        0x4 /home/ashwin/software/plugins/fr.ac6.mcu.externaltools.arm-none.linux64_1.17.0.201812190825/tools/compiler/bin/../lib/gcc/arm-none-eabi/7.3.1/thumb/v7e-m/fpv4-sp/hard/libgcc.a(_dvmd_tls.o)
                0x00000000080004d0                __aeabi_ldiv0
                0x00000000080004d0                __aeabi_idiv0
 .text          0x00000000080004d4       0x10 /home/ashwin/software/plugins/fr.ac6.mcu.externaltools.arm-none.linux64_1.17.0.201812190825/tools/compiler/bin/../lib/gcc/arm-none-eabi/7.3.1/../../../../arm-none-eabi/lib/thumb/v7e-m/fpv4-sp/hard/libc_nano.a(lib_a-strlen.o)
                0x00000000080004d4                strlen
 *(.text*)
 .text.SysTick_Handler
                0x00000000080004e4        0xc Core/Src/it.o
                0x00000000080004e4                SysTick_Handler
 .text.USART2_IRQHandler
                0x00000000080004f0       0x10 Core/Src/it.o
                0x00000000080004f0                USART2_IRQHandler
 .text.errorHandler
                0x0000000008000500        0x2 Core/Src/main.o
                0x0000000008000500                errorHandler
 *fill*         0x0000000008000502        0x2 
 .text.UART2_Init
                0x0000000008000504       0x30 Core/Src/main.o
                0x0000000008000504                UART2_Init
 .text.main     0x0000000008000534       0x60 Core/Src/main.o
                0x0000000008000534                main
 .text.HAL_UART_RxCpltCallback
                0x0000000008000594       0x34 Core/Src/main.o
                0x0000000008000594                HAL_UART_RxCpltCallback
 .text.HAL_MspInit
                0x00000000080005c8       0x3c Core/Src/msp.o
                0x00000000080005c8                HAL_MspInit
 .text.HAL_UART_MspInit
                0x0000000008000604       0x74 Core/Src/msp.o
                0x0000000008000604                HAL_UART_MspInit
 .text.SystemInit
                0x0000000008000678       0x14 Core/Src/system_stm32f4xx.o
                0x0000000008000678                SystemInit
 .text.HAL_InitTick
                0x000000000800068c       0x48 Drivers/STM32F4xx_HAL_Driver/Src/stm32f4xx_hal.o
                0x000000000800068c                HAL_InitTick
 .text.HAL_Init
                0x00000000080006d4       0x34 Drivers/STM32F4xx_HAL_Driver/Src/stm32f4xx_hal.o
                0x00000000080006d4                HAL_Init
 .text.HAL_IncTick
                0x0000000008000708       0x18 Drivers/STM32F4xx_HAL_Driver/Src/stm32f4xx_hal.o
                0x0000000008000708                HAL_IncTick
 .text.HAL_GetTick
                0x0000000008000720        0xc Drivers/STM32F4xx_HAL_Driver/Src/stm32f4xx_hal.o
                0x0000000008000720                HAL_GetTick
 .text.HAL_NVIC_SetPriorityGrouping
                0x000000000800072c       0x24 Drivers/STM32F4xx_HAL_Driver/Src/stm32f4xx_hal_cortex.o
                0x000000000800072c                HAL_NVIC_SetPriorityGrouping
 .text.HAL_NVIC_SetPriority
                0x0000000008000750       0x68 Drivers/STM32F4xx_HAL_Driver/Src/stm32f4xx_hal_cortex.o
                0x0000000008000750                HAL_NVIC_SetPriority
 .text.HAL_NVIC_EnableIRQ
                0x00000000080007b8       0x1c Drivers/STM32F4xx_HAL_Driver/Src/stm32f4xx_hal_cortex.o
                0x00000000080007b8                HAL_NVIC_EnableIRQ
 .text.HAL_SYSTICK_Config
                0x00000000080007d4       0x2c Drivers/STM32F4xx_HAL_Driver/Src/stm32f4xx_hal_cortex.o
                0x00000000080007d4                HAL_SYSTICK_Config
 .text.HAL_SYSTICK_Callback
                0x0000000008000800        0x2 Drivers/STM32F4xx_HAL_Driver/Src/stm32f4xx_hal_cortex.o
                0x0000000008000800                HAL_SYSTICK_Callback
 .text.HAL_SYSTICK_IRQHandler
                0x0000000008000802        0x8 Drivers/STM32F4xx_HAL_Driver/Src/stm32f4xx_hal_cortex.o
                0x0000000008000802                HAL_SYSTICK_IRQHandler
 .text.HAL_DMA_Abort
                0x000000000800080a       0x94 Drivers/STM32F4xx_HAL_Driver/Src/stm32f4xx_hal_dma.o
                0x000000000800080a                HAL_DMA_Abort
 .text.HAL_DMA_Abort_IT
                0x000000000800089e       0x26 Drivers/STM32F4xx_HAL_Driver/Src/stm32f4xx_hal_dma.o
                0x000000000800089e                HAL_DMA_Abort_IT
 .text.HAL_GPIO_Init
                0x00000000080008c4      0x1b0 Drivers/STM32F4xx_HAL_Driver/Src/stm32f4xx_hal_gpio.o
                0x00000000080008c4                HAL_GPIO_Init
 .text.HAL_RCC_GetHCLKFreq
                0x0000000008000a74        0xc Drivers/STM32F4xx_HAL_Driver/Src/stm32f4xx_hal_rcc.o
                0x0000000008000a74                HAL_RCC_GetHCLKFreq
 .text.HAL_RCC_GetPCLK1Freq
                0x0000000008000a80       0x20 Drivers/STM32F4xx_HAL_Driver/Src/stm32f4xx_hal_rcc.o
                0x0000000008000a80                HAL_RCC_GetPCLK1Freq
 .text.HAL_RCC_GetPCLK2Freq
                0x0000000008000aa0       0x20 Drivers/STM32F4xx_HAL_Driver/Src/stm32f4xx_hal_rcc.o
                0x0000000008000aa0                HAL_RCC_GetPCLK2Freq
 .text.UART_EndRxTransfer
                0x0000000008000ac0       0x5c Drivers/STM32F4xx_HAL_Driver/Src/stm32f4xx_hal_uart.o
 .text.UART_Transmit_IT
                0x0000000008000b1c       0x62 Drivers/STM32F4xx_HAL_Driver/Src/stm32f4xx_hal_uart.o
 *fill*         0x0000000008000b7e        0x2 
 .text.UART_SetConfig
                0x0000000008000b80      0x134 Drivers/STM32F4xx_HAL_Driver/Src/stm32f4xx_hal_uart.o
 .text.UART_WaitOnFlagUntilTimeout
                0x0000000008000cb4       0x7e Drivers/STM32F4xx_HAL_Driver/Src/stm32f4xx_hal_uart.o
 .text.HAL_UART_Init
                0x0000000008000d32       0x5e Drivers/STM32F4xx_HAL_Driver/Src/stm32f4xx_hal_uart.o
                0x0000000008000d32                HAL_UART_Init
 .text.HAL_UART_Transmit
                0x0000000008000d90       0xda Drivers/STM32F4xx_HAL_Driver/Src/stm32f4xx_hal_uart.o
                0x0000000008000d90                HAL_UART_Transmit
 .text.HAL_UART_TxCpltCallback
                0x0000000008000e6a        0x2 Drivers/STM32F4xx_HAL_Driver/Src/stm32f4xx_hal_uart.o
                0x0000000008000e6a                HAL_UART_TxCpltCallback
 .text.UART_EndTransmit_IT
                0x0000000008000e6c       0x1a Drivers/STM32F4xx_HAL_Driver/Src/stm32f4xx_hal_uart.o
 .text.HAL_UART_ErrorCallback
                0x0000000008000e86        0x2 Drivers/STM32F4xx_HAL_Driver/Src/stm32f4xx_hal_uart.o
                0x0000000008000e86                HAL_UART_ErrorCallback
 .text.UART_DMAAbortOnError
                0x0000000008000e88       0x10 Drivers/STM32F4xx_HAL_Driver/Src/stm32f4xx_hal_uart.o
 .text.HAL_UARTEx_RxEventCallback
                0x0000000008000e98        0x2 Drivers/STM32F4xx_HAL_Driver/Src/stm32f4xx_hal_uart.o
                0x0000000008000e98                HAL_UARTEx_RxEventCallback
 .text.UART_Receive_IT
                0x0000000008000e9a       0xe2 Drivers/STM32F4xx_HAL_Driver/Src/stm32f4xx_hal_uart.o
 .text.HAL_UART_IRQHandler
                0x0000000008000f7c      0x270 Drivers/STM32F4xx_HAL_Driver/Src/stm32f4xx_hal_uart.o
                0x0000000008000f7c                HAL_UART_IRQHandler
 .text.UART_Start_Receive_IT
                0x00000000080011ec       0x36 Drivers/STM32F4xx_HAL_Driver/Src/stm32f4xx_hal_uart.o
                0x00000000080011ec                UART_Start_Receive_IT
 .text.HAL_UART_Receive_IT
                0x0000000008001222       0x38 Drivers/STM32F4xx_HAL_Driver/Src/stm32f4xx_hal_uart.o
                0x0000000008001222                HAL_UART_Receive_IT
 *fill*         0x000000000800125a        0x2 
 .text.Reset_Handler
                0x000000000800125c       0x50 startup/startup_stm32f401xe.o
                0x000000000800125c                Reset_Handler
 .text.Default_Handler
                0x00000000080012ac        0x2 startup/startup_stm32f401xe.o
                0x00000000080012ac                RTC_Alarm_IRQHandler
                0x00000000080012ac                EXTI2_IRQHandler
                0x00000000080012ac                DebugMon_Handler
                0x00000000080012ac                SPI4_IRQHandler
                0x00000000080012ac                TIM1_CC_IRQHandler
                0x00000000080012ac                DMA2_Stream5_IRQHandler
                0x00000000080012ac                HardFault_Handler
                0x00000000080012ac                DMA1_Stream5_IRQHandler
                0x00000000080012ac                PVD_IRQHandler
                0x00000000080012ac                SDIO_IRQHandler
                0x00000000080012ac                TAMP_STAMP_IRQHandler
                0x00000000080012ac                PendSV_Handler
                0x00000000080012ac                NMI_Handler
                0x00000000080012ac                EXTI3_IRQHandler
                0x00000000080012ac                TIM1_UP_TIM10_IRQHandler
                0x00000000080012ac                I2C3_ER_IRQHandler
                0x00000000080012ac                EXTI0_IRQHandler
                0x00000000080012ac                I2C2_EV_IRQHandler
                0x00000000080012ac                DMA1_Stream2_IRQHandler
                0x00000000080012ac                FPU_IRQHandler
                0x00000000080012ac                UsageFault_Handler
                0x00000000080012ac                DMA2_Stream2_IRQHandler
                0x00000000080012ac                SPI1_IRQHandler
                0x00000000080012ac                TIM1_BRK_TIM9_IRQHandler
                0x00000000080012ac                DMA2_Stream3_IRQHandler
                0x00000000080012ac                USART6_IRQHandler
                0x00000000080012ac                DMA2_Stream0_IRQHandler
                0x00000000080012ac                TIM4_IRQHandler
                0x00000000080012ac                I2C1_EV_IRQHandler
                0x00000000080012ac                DMA1_Stream6_IRQHandler
                0x00000000080012ac                DMA1_Stream1_IRQHandler
                0x00000000080012ac                TIM3_IRQHandler
                0x00000000080012ac                RCC_IRQHandler
                0x00000000080012ac                Default_Handler
                0x00000000080012ac                EXTI15_10_IRQHandler
                0x00000000080012ac                ADC_IRQHandler
                0x00000000080012ac                DMA1_Stream7_IRQHandler
                0x00000000080012ac                TIM5_IRQHandler
                0x00000000080012ac                DMA2_Stream7_IRQHandler
                0x00000000080012ac                I2C3_EV_IRQHandler
                0x00000000080012ac                EXTI9_5_IRQHandler
                0x00000000080012ac                RTC_WKUP_IRQHandler
                0x00000000080012ac                SPI2_IRQHandler
                0x00000000080012ac                MemManage_Handler
                0x00000000080012ac                DMA1_Stream0_IRQHandler
                0x00000000080012ac                SVC_Handler
                0x00000000080012ac                EXTI4_IRQHandler
                0x00000000080012ac                WWDG_IRQHandler
                0x00000000080012ac                TIM2_IRQHandler
                0x00000000080012ac                OTG_FS_WKUP_IRQHandler
                0x00000000080012ac                TIM1_TRG_COM_TIM11_IRQHandler
                0x00000000080012ac                EXTI1_IRQHandler
                0x00000000080012ac                I2C2_ER_IRQHandler
                0x00000000080012ac                DMA2_Stream1_IRQHandler
                0x00000000080012ac                FLASH_IRQHandler
                0x00000000080012ac                DMA2_Stream4_IRQHandler
                0x00000000080012ac                BusFault_Handler
                0x00000000080012ac                USART1_IRQHandler
                0x00000000080012ac                OTG_FS_IRQHandler
                0x00000000080012ac                SPI3_IRQHandler
                0x00000000080012ac                DMA1_Stream4_IRQHandler
                0x00000000080012ac                I2C1_ER_IRQHandler
                0x00000000080012ac                DMA2_Stream6_IRQHandler
                0x00000000080012ac                DMA1_Stream3_IRQHandler
 *fill*         0x00000000080012ae        0x2 
 .text.__libc_init_array
                0x00000000080012b0       0x48 /home/ashwin/software/plugins/fr.ac6.mcu.externaltools.arm-none.linux64_1.17.0.201812190825/tools/compiler/bin/../lib/gcc/arm-none-eabi/7.3.1/../../../../arm-none-eabi/lib/thumb/v7e-m/fpv4-sp/hard/libc_nano.a(lib_a-init.o)
                0x00000000080012b0                __libc_init_array
 *(.glue_7)
 .glue_7        0x00000000080012f8        0x0 linker stubs
 *(.glue_7t)
 .glue_7t       0x00000000080012f8        0x0 linker stubs
 *(.eh_frame)
 .eh_frame      0x00000000080012f8        0x0 /home/ashwin/software/plugins/fr.ac6.mcu.externaltools.arm-none.linux64_1.17.0.201812190825/tools/compiler/bin/../lib/gcc/arm-none-eabi/7.3.1/thumb/v7e-m/fpv4-sp/hard/crtbegin.o
 *(.init)
 .init          0x00000000080012f8        0x4 /home/ashwin/software/plugins/fr.ac6.mcu.externaltools.arm-none.linux64_1.17.0.201812190825/tools/compiler/bin/../lib/gcc/arm-none-eabi/7.3.1/thumb/v7e-m/fpv4-sp/hard/crti.o
                0x00000000080012f8                _init
 .init          0x00000000080012fc        0x8 /home/ashwin/software/plugins/fr.ac6.mcu.externaltools.arm-none.linux64_1.17.0.201812190825/tools/compiler/bin/../lib/gcc/arm-none-eabi/7.3.1/thumb/v7e-m/fpv4-sp/hard/crtn.o
 *(.fini)
 .fini          0x0000000008001304        0x4 /home/ashwin/software/plugins/fr.ac6.mcu.externaltools.arm-none.linux64_1.17.0.201812190825/tools/compiler/bin/../lib/gcc/arm-none-eabi/7.3.1/thumb/v7e-m/fpv4-sp/hard/crti.o
                0x0000000008001304                _fini
 .fini          0x0000000008001308        0x8 /home/ashwin/software/plugins/fr.ac6.mcu.externaltools.arm-none.linux64_1.17.0.201812190825/tools/compiler/bin/../lib/gcc/arm-none-eabi/7.3.1/thumb/v7e-m/fpv4-sp/hard/crtn.o
                0x0000000008001310                . = ALIGN (0x4)
                0x0000000008001310                _etext = .

.vfp11_veneer   0x0000000008001310        0x0
 .vfp11_veneer  0x0000000008001310        0x0 linker stubs

.v4_bx          0x0000000008001310        0x0
 .v4_bx         0x0000000008001310        0x0 linker stubs

.iplt           0x0000000008001310        0x0
 .iplt          0x0000000008001310        0x0 /home/ashwin/software/plugins/fr.ac6.mcu.externaltools.arm-none.linux64_1.17.0.201812190825/tools/compiler/bin/../lib/gcc/arm-none-eabi/7.3.1/thumb/v7e-m/fpv4-sp/hard/crtbegin.o

.rodata         0x0000000008001310       0x38
                0x0000000008001310                . = ALIGN (0x4)
 *(.rodata)
 .rodata        0x0000000008001310       0x18 Core/Src/system_stm32f4xx.o
                0x0000000008001310                AHBPrescTable
                0x0000000008001320                APBPrescTable
 *(.rodata*)
 .rodata.str1.4
                0x0000000008001328       0x20 Core/Src/main.o
                                         0x1e (size before relaxing)
                0x0000000008001348                . = ALIGN (0x4)

.ARM.extab
 *(.ARM.extab* .gnu.linkonce.armextab.*)

.ARM            0x0000000008001348        0x8
                0x0000000008001348                __exidx_start = .
 *(.ARM.exidx*)
 .ARM.exidx     0x0000000008001348        0x8 /home/ashwin/software/plugins/fr.ac6.mcu.externaltools.arm-none.linux64_1.17.0.201812190825/tools/compiler/bin/../lib/gcc/arm-none-eabi/7.3.1/thumb/v7e-m/fpv4-sp/hard/libgcc.a(_udivmoddi4.o)
                0x0000000008001350                __exidx_end = .

.rel.dyn        0x0000000008001350        0x0
 .rel.iplt      0x0000000008001350        0x0 /home/ashwin/software/plugins/fr.ac6.mcu.externaltools.arm-none.linux64_1.17.0.201812190825/tools/compiler/bin/../lib/gcc/arm-none-eabi/7.3.1/thumb/v7e-m/fpv4-sp/hard/crtbegin.o

.preinit_array  0x0000000008001350        0x0
                0x0000000008001350                PROVIDE (__preinit_array_start = .)
 *(.preinit_array*)
                0x0000000008001350                PROVIDE (__preinit_array_end = .)

.init_array     0x0000000008001350        0x4
                0x0000000008001350                PROVIDE (__init_array_start = .)
 *(SORT_BY_NAME(.init_array.*))
 *(.init_array*)
 .init_array    0x0000000008001350        0x4 /home/ashwin/software/plugins/fr.ac6.mcu.externaltools.arm-none.linux64_1.17.0.201812190825/tools/compiler/bin/../lib/gcc/arm-none-eabi/7.3.1/thumb/v7e-m/fpv4-sp/hard/crtbegin.o
                0x0000000008001354                PROVIDE (__init_array_end = .)

.fini_array     0x0000000008001354        0x4
                [!provide]                        PROVIDE (__fini_array_start = .)
 *(SORT_BY_NAME(.fini_array.*))
 *(.fini_array*)
 .fini_array    0x0000000008001354        0x4 /home/ashwin/software/plugins/fr.ac6.mcu.externaltools.arm-none.linux64_1.17.0.201812190825/tools/compiler/bin/../lib/gcc/arm-none-eabi/7.3.1/thumb/v7e-m/fpv4-sp/hard/crtbegin.o
                [!provide]                        PROVIDE (__fini_array_end = .)
                0x0000000008001358                _sidata = LOADADDR (.data)

.data           0x0000000020000000       0x10 load address 0x0000000008001358
                0x0000000020000000                . = ALIGN (0x4)
                0x0000000020000000                _sdata = .
 *(.data)
 .data          0x0000000020000000        0x4 Core/Src/main.o
                0x0000000020000000                msg
 .data          0x0000000020000004        0x4 Core/Src/system_stm32f4xx.o
                0x0000000020000004                SystemCoreClock
 .data          0x0000000020000008        0x8 Drivers/STM32F4xx_HAL_Driver/Src/stm32f4xx_hal.o
                0x0000000020000008                uwTickFreq
                0x000000002000000c                uwTickPrio
 *(.data*)
                0x0000000020000010                . = ALIGN (0x4)
                0x0000000020000010                _edata = .

.igot.plt       0x0000000020000010        0x0 load address 0x0000000008001368
 .igot.plt      0x0000000020000010        0x0 /home/ashwin/software/plugins/fr.ac6.mcu.externaltools.arm-none.linux64_1.17.0.201812190825/tools/compiler/bin/../lib/gcc/arm-none-eabi/7.3.1/thumb/v7e-m/fpv4-sp/hard/crtbegin.o
                0x0000000020000010                . = ALIGN (0x4)

.bss            0x0000000020000010       0xd0 load address 0x0000000008001368
                0x0000000020000010                _sbss = .
                0x0000000020000010                __bss_start__ = _sbss
 *(.bss)
 .bss           0x0000000020000010       0x1c /home/ashwin/software/plugins/fr.ac6.mcu.externaltools.arm-none.linux64_1.17.0.201812190825/tools/compiler/bin/../lib/gcc/arm-none-eabi/7.3.1/thumb/v7e-m/fpv4-sp/hard/crtbegin.o
 .bss           0x000000002000002c        0x2 Core/Src/main.o
                0x000000002000002c                recComp
                0x000000002000002d                count
 *(.bss*)
 *(COMMON)
 *fill*         0x000000002000002e        0x2 
 COMMON         0x0000000020000030       0x44 Core/Src/it.o
                0x0000000020000030                huart2
 COMMON         0x0000000020000074       0x65 Core/Src/main.o
                0x0000000020000074                buff
                0x00000000200000d8                temp
 *fill*         0x00000000200000d9        0x3 
 COMMON         0x00000000200000dc        0x4 Drivers/STM32F4xx_HAL_Driver/Src/stm32f4xx_hal.o
                0x00000000200000dc                uwTick
                0x00000000200000e0                . = ALIGN (0x4)
                0x00000000200000e0                _ebss = .
                0x00000000200000e0                __bss_end__ = _ebss

._user_heap_stack
                0x00000000200000e0      0x600 load address 0x0000000008001368
                0x00000000200000e0                . = ALIGN (0x8)
                0x00000000200000e0                PROVIDE (end = .)
                [!provide]                        PROVIDE (_end = .)
                0x00000000200002e0                . = (. + _Min_Heap_Size)
 *fill*         0x00000000200000e0      0x200 
                0x00000000200006e0                . = (. + _Min_Stack_Size)
 *fill*         0x00000000200002e0      0x400 
                0x00000000200006e0                . = ALIGN (0x8)

/DISCARD/
 libc.a(*)
 libm.a(*)
 libgcc.a(*)

.ARM.attributes
                0x0000000000000000       0x30
 *(.ARM.attributes)
 .ARM.attributes
                0x0000000000000000       0x22 /home/ashwin/software/plugins/fr.ac6.mcu.externaltools.arm-none.linux64_1.17.0.201812190825/tools/compiler/bin/../lib/gcc/arm-none-eabi/7.3.1/thumb/v7e-m/fpv4-sp/hard/crti.o
 .ARM.attributes
                0x0000000000000022       0x34 /home/ashwin/software/plugins/fr.ac6.mcu.externaltools.arm-none.linux64_1.17.0.201812190825/tools/compiler/bin/../lib/gcc/arm-none-eabi/7.3.1/thumb/v7e-m/fpv4-sp/hard/crtbegin.o
 .ARM.attributes
                0x0000000000000056       0x39 Core/Src/it.o
 .ARM.attributes
                0x000000000000008f       0x39 Core/Src/main.o
 .ARM.attributes
                0x00000000000000c8       0x39 Core/Src/msp.o
 .ARM.attributes
                0x0000000000000101       0x39 Core/Src/system_stm32f4xx.o
 .ARM.attributes
                0x000000000000013a       0x39 Drivers/STM32F4xx_HAL_Driver/Src/stm32f4xx_hal.o
 .ARM.attributes
                0x0000000000000173       0x39 Drivers/STM32F4xx_HAL_Driver/Src/stm32f4xx_hal_cortex.o
 .ARM.attributes
                0x00000000000001ac       0x39 Drivers/STM32F4xx_HAL_Driver/Src/stm32f4xx_hal_dma.o
 .ARM.attributes
                0x00000000000001e5       0x39 Drivers/STM32F4xx_HAL_Driver/Src/stm32f4xx_hal_gpio.o
 .ARM.attributes
                0x000000000000021e       0x39 Drivers/STM32F4xx_HAL_Driver/Src/stm32f4xx_hal_rcc.o
 .ARM.attributes
                0x0000000000000257       0x39 Drivers/STM32F4xx_HAL_Driver/Src/stm32f4xx_hal_uart.o
 .ARM.attributes
                0x0000000000000290       0x21 startup/startup_stm32f401xe.o
 .ARM.attributes
                0x00000000000002b1       0x22 /home/ashwin/software/plugins/fr.ac6.mcu.externaltools.arm-none.linux64_1.17.0.201812190825/tools/compiler/bin/../lib/gcc/arm-none-eabi/7.3.1/thumb/v7e-m/fpv4-sp/hard/libgcc.a(_aeabi_uldivmod.o)
 .ARM.attributes
                0x00000000000002d3       0x34 /home/ashwin/software/plugins/fr.ac6.mcu.externaltools.arm-none.linux64_1.17.0.201812190825/tools/compiler/bin/../lib/gcc/arm-none-eabi/7.3.1/thumb/v7e-m/fpv4-sp/hard/libgcc.a(_udivmoddi4.o)
 .ARM.attributes
                0x0000000000000307       0x22 /home/ashwin/software/plugins/fr.ac6.mcu.externaltools.arm-none.linux64_1.17.0.201812190825/tools/compiler/bin/../lib/gcc/arm-none-eabi/7.3.1/thumb/v7e-m/fpv4-sp/hard/libgcc.a(_dvmd_tls.o)
 .ARM.attributes
                0x0000000000000329       0x34 /home/ashwin/software/plugins/fr.ac6.mcu.externaltools.arm-none.linux64_1.17.0.201812190825/tools/compiler/bin/../lib/gcc/arm-none-eabi/7.3.1/../../../../arm-none-eabi/lib/thumb/v7e-m/fpv4-sp/hard/libc_nano.a(lib_a-init.o)
 .ARM.attributes
                0x000000000000035d       0x1b /home/ashwin/software/plugins/fr.ac6.mcu.externaltools.arm-none.linux64_1.17.0.201812190825/tools/compiler/bin/../lib/gcc/arm-none-eabi/7.3.1/../../../../arm-none-eabi/lib/thumb/v7e-m/fpv4-sp/hard/libc_nano.a(lib_a-strlen.o)
 .ARM.attributes
                0x0000000000000378       0x22 /home/ashwin/software/plugins/fr.ac6.mcu.externaltools.arm-none.linux64_1.17.0.201812190825/tools/compiler/bin/../lib/gcc/arm-none-eabi/7.3.1/thumb/v7e-m/fpv4-sp/hard/crtn.o
OUTPUT(uart2_ex.elf elf32-littlearm)

.debug_info     0x0000000000000000     0x9867
 .debug_info    0x0000000000000000      0x669 Core/Src/it.o
 .debug_info    0x0000000000000669     0x1009 Core/Src/main.o
 .debug_info    0x0000000000001672      0xd6e Core/Src/msp.o
 .debug_info    0x00000000000023e0      0x583 Core/Src/system_stm32f4xx.o
 .debug_info    0x0000000000002963      0x97a Drivers/STM32F4xx_HAL_Driver/Src/stm32f4xx_hal.o
 .debug_info    0x00000000000032dd      0xef6 Drivers/STM32F4xx_HAL_Driver/Src/stm32f4xx_hal_cortex.o
 .debug_info    0x00000000000041d3      0xaa5 Drivers/STM32F4xx_HAL_Driver/Src/stm32f4xx_hal_dma.o
 .debug_info    0x0000000000004c78      0x7f2 Drivers/STM32F4xx_HAL_Driver/Src/stm32f4xx_hal_gpio.o
 .debug_info    0x000000000000546a      0xab9 Drivers/STM32F4xx_HAL_Driver/Src/stm32f4xx_hal_rcc.o
 .debug_info    0x0000000000005f23     0x3922 Drivers/STM32F4xx_HAL_Driver/Src/stm32f4xx_hal_uart.o
 .debug_info    0x0000000000009845       0x22 startup/startup_stm32f401xe.o

.debug_abbrev   0x0000000000000000     0x1647
 .debug_abbrev  0x0000000000000000      0x197 Core/Src/it.o
 .debug_abbrev  0x0000000000000197      0x2a1 Core/Src/main.o
 .debug_abbrev  0x0000000000000438      0x1cb Core/Src/msp.o
 .debug_abbrev  0x0000000000000603      0x12b Core/Src/system_stm32f4xx.o
 .debug_abbrev  0x000000000000072e      0x218 Drivers/STM32F4xx_HAL_Driver/Src/stm32f4xx_hal.o
 .debug_abbrev  0x0000000000000946      0x328 Drivers/STM32F4xx_HAL_Driver/Src/stm32f4xx_hal_cortex.o
 .debug_abbrev  0x0000000000000c6e      0x258 Drivers/STM32F4xx_HAL_Driver/Src/stm32f4xx_hal_dma.o
 .debug_abbrev  0x0000000000000ec6      0x1e7 Drivers/STM32F4xx_HAL_Driver/Src/stm32f4xx_hal_gpio.o
 .debug_abbrev  0x00000000000010ad      0x273 Drivers/STM32F4xx_HAL_Driver/Src/stm32f4xx_hal_rcc.o
 .debug_abbrev  0x0000000000001320      0x315 Drivers/STM32F4xx_HAL_Driver/Src/stm32f4xx_hal_uart.o
 .debug_abbrev  0x0000000000001635       0x12 startup/startup_stm32f401xe.o

.debug_aranges  0x0000000000000000      0x5e8
 .debug_aranges
                0x0000000000000000       0x28 Core/Src/it.o
 .debug_aranges
                0x0000000000000028       0x40 Core/Src/main.o
 .debug_aranges
                0x0000000000000068       0x28 Core/Src/msp.o
 .debug_aranges
                0x0000000000000090       0x28 Core/Src/system_stm32f4xx.o
 .debug_aranges
                0x00000000000000b8       0xf0 Drivers/STM32F4xx_HAL_Driver/Src/stm32f4xx_hal.o
 .debug_aranges
                0x00000000000001a8       0xa8 Drivers/STM32F4xx_HAL_Driver/Src/stm32f4xx_hal_cortex.o
 .debug_aranges
                0x0000000000000250       0x90 Drivers/STM32F4xx_HAL_Driver/Src/stm32f4xx_hal_dma.o
 .debug_aranges
                0x00000000000002e0       0x58 Drivers/STM32F4xx_HAL_Driver/Src/stm32f4xx_hal_gpio.o
 .debug_aranges
                0x0000000000000338       0x88 Drivers/STM32F4xx_HAL_Driver/Src/stm32f4xx_hal_rcc.o
 .debug_aranges
                0x00000000000003c0      0x200 Drivers/STM32F4xx_HAL_Driver/Src/stm32f4xx_hal_uart.o
 .debug_aranges
                0x00000000000005c0       0x28 startup/startup_stm32f401xe.o

.debug_ranges   0x0000000000000000      0x5d0
 .debug_ranges  0x0000000000000000       0x18 Core/Src/it.o
 .debug_ranges  0x0000000000000018       0x30 Core/Src/main.o
 .debug_ranges  0x0000000000000048       0x18 Core/Src/msp.o
 .debug_ranges  0x0000000000000060       0x18 Core/Src/system_stm32f4xx.o
 .debug_ranges  0x0000000000000078       0xe0 Drivers/STM32F4xx_HAL_Driver/Src/stm32f4xx_hal.o
 .debug_ranges  0x0000000000000158       0xf8 Drivers/STM32F4xx_HAL_Driver/Src/stm32f4xx_hal_cortex.o
 .debug_ranges  0x0000000000000250       0x80 Drivers/STM32F4xx_HAL_Driver/Src/stm32f4xx_hal_dma.o
 .debug_ranges  0x00000000000002d0       0x48 Drivers/STM32F4xx_HAL_Driver/Src/stm32f4xx_hal_gpio.o
 .debug_ranges  0x0000000000000318       0x90 Drivers/STM32F4xx_HAL_Driver/Src/stm32f4xx_hal_rcc.o
 .debug_ranges  0x00000000000003a8      0x208 Drivers/STM32F4xx_HAL_Driver/Src/stm32f4xx_hal_uart.o
 .debug_ranges  0x00000000000005b0       0x20 startup/startup_stm32f401xe.o

.debug_macro    0x0000000000000000    0x14f4a
 .debug_macro   0x0000000000000000      0x1c4 Core/Src/it.o
 .debug_macro   0x00000000000001c4      0xa54 Core/Src/it.o
 .debug_macro   0x0000000000000c18      0x295 Core/Src/it.o
 .debug_macro   0x0000000000000ead       0x2e Core/Src/it.o
 .debug_macro   0x0000000000000edb       0x28 Core/Src/it.o
 .debug_macro   0x0000000000000f03       0x22 Core/Src/it.o
 .debug_macro   0x0000000000000f25       0x8e Core/Src/it.o
 .debug_macro   0x0000000000000fb3       0x51 Core/Src/it.o
 .debug_macro   0x0000000000001004       0xef Core/Src/it.o
 .debug_macro   0x00000000000010f3       0x6a Core/Src/it.o
 .debug_macro   0x000000000000115d      0x1df Core/Src/it.o
 .debug_macro   0x000000000000133c       0x1c Core/Src/it.o
 .debug_macro   0x0000000000001358       0x22 Core/Src/it.o
 .debug_macro   0x000000000000137a       0xdf Core/Src/it.o
 .debug_macro   0x0000000000001459     0x102d Core/Src/it.o
 .debug_macro   0x0000000000002486      0x11f Core/Src/it.o
 .debug_macro   0x00000000000025a5     0xb86c Core/Src/it.o
 .debug_macro   0x000000000000de11       0x6d Core/Src/it.o
 .debug_macro   0x000000000000de7e     0x3666 Core/Src/it.o
 .debug_macro   0x00000000000114e4      0x174 Core/Src/it.o
 .debug_macro   0x0000000000011658       0x5c Core/Src/it.o
 .debug_macro   0x00000000000116b4      0x416 Core/Src/it.o
 .debug_macro   0x0000000000011aca      0x9fe Core/Src/it.o
 .debug_macro   0x00000000000124c8      0x116 Core/Src/it.o
 .debug_macro   0x00000000000125de       0xf8 Core/Src/it.o
 .debug_macro   0x00000000000126d6       0xa5 Core/Src/it.o
 .debug_macro   0x000000000001277b      0x15f Core/Src/it.o
 .debug_macro   0x00000000000128da      0x287 Core/Src/it.o
 .debug_macro   0x0000000000012b61       0x5f Core/Src/it.o
 .debug_macro   0x0000000000012bc0      0x236 Core/Src/it.o
 .debug_macro   0x0000000000012df6      0x132 Core/Src/it.o
 .debug_macro   0x0000000000012f28      0x264 Core/Src/it.o
 .debug_macro   0x000000000001318c       0x2e Core/Src/it.o
 .debug_macro   0x00000000000131ba      0x11a Core/Src/it.o
 .debug_macro   0x00000000000132d4       0x85 Core/Src/it.o
 .debug_macro   0x0000000000013359       0x89 Core/Src/it.o
 .debug_macro   0x00000000000133e2      0x295 Core/Src/it.o
 .debug_macro   0x0000000000013677      0x126 Core/Src/it.o
 .debug_macro   0x000000000001379d      0x28c Core/Src/main.o
 .debug_macro   0x0000000000013a29       0x5e Core/Src/main.o
 .debug_macro   0x0000000000013a87       0x18 Core/Src/main.o
 .debug_macro   0x0000000000013a9f       0x35 Core/Src/main.o
 .debug_macro   0x0000000000013ad4       0x34 Core/Src/main.o
 .debug_macro   0x0000000000013b08       0x58 Core/Src/main.o
 .debug_macro   0x0000000000013b60       0x1f Core/Src/main.o
 .debug_macro   0x0000000000013b7f       0x43 Core/Src/main.o
 .debug_macro   0x0000000000013bc2       0x20 Core/Src/main.o
 .debug_macro   0x0000000000013be2      0x18e Core/Src/main.o
 .debug_macro   0x0000000000013d70      0x32a Core/Src/main.o
 .debug_macro   0x000000000001409a       0x10 Core/Src/main.o
 .debug_macro   0x00000000000140aa       0x35 Core/Src/main.o
 .debug_macro   0x00000000000140df      0x1c4 Core/Src/msp.o
 .debug_macro   0x00000000000142a3      0x1ba Core/Src/system_stm32f4xx.o
 .debug_macro   0x000000000001445d      0x21a Drivers/STM32F4xx_HAL_Driver/Src/stm32f4xx_hal.o
 .debug_macro   0x0000000000014677      0x1ba Drivers/STM32F4xx_HAL_Driver/Src/stm32f4xx_hal_cortex.o
 .debug_macro   0x0000000000014831      0x1c0 Drivers/STM32F4xx_HAL_Driver/Src/stm32f4xx_hal_dma.o
 .debug_macro   0x00000000000149f1      0x1c0 Drivers/STM32F4xx_HAL_Driver/Src/stm32f4xx_hal_gpio.o
 .debug_macro   0x0000000000014bb1      0x1de Drivers/STM32F4xx_HAL_Driver/Src/stm32f4xx_hal_rcc.o
 .debug_macro   0x0000000000014d8f      0x1bb Drivers/STM32F4xx_HAL_Driver/Src/stm32f4xx_hal_uart.o

.debug_line     0x0000000000000000     0x68d9
 .debug_line    0x0000000000000000      0x714 Core/Src/it.o
 .debug_line    0x0000000000000714      0x7f6 Core/Src/main.o
 .debug_line    0x0000000000000f0a      0x723 Core/Src/msp.o
 .debug_line    0x000000000000162d      0x733 Core/Src/system_stm32f4xx.o
 .debug_line    0x0000000000001d60      0x911 Drivers/STM32F4xx_HAL_Driver/Src/stm32f4xx_hal.o
 .debug_line    0x0000000000002671      0x963 Drivers/STM32F4xx_HAL_Driver/Src/stm32f4xx_hal_cortex.o
 .debug_line    0x0000000000002fd4      0xa39 Drivers/STM32F4xx_HAL_Driver/Src/stm32f4xx_hal_dma.o
 .debug_line    0x0000000000003a0d      0x871 Drivers/STM32F4xx_HAL_Driver/Src/stm32f4xx_hal_gpio.o
 .debug_line    0x000000000000427e      0x9a1 Drivers/STM32F4xx_HAL_Driver/Src/stm32f4xx_hal_rcc.o
 .debug_line    0x0000000000004c1f     0x1c39 Drivers/STM32F4xx_HAL_Driver/Src/stm32f4xx_hal_uart.o
 .debug_line    0x0000000000006858       0x81 startup/startup_stm32f401xe.o

.debug_str      0x0000000000000000    0x837f0
 .debug_str     0x0000000000000000    0x7ef15 Core/Src/it.o
                                      0x7f1e2 (size before relaxing)
 .debug_str     0x000000000007ef15     0x2c07 Core/Src/main.o
                                      0x81dd1 (size before relaxing)
 .debug_str     0x0000000000081b1c      0x5ca Core/Src/msp.o
                                      0x7f757 (size before relaxing)
 .debug_str     0x00000000000820e6       0x5b Core/Src/system_stm32f4xx.o
                                      0x7eeec (size before relaxing)
 .debug_str     0x0000000000082141      0x58b Drivers/STM32F4xx_HAL_Driver/Src/stm32f4xx_hal.o
                                      0x7f8b1 (size before relaxing)
 .debug_str     0x00000000000826cc      0x32a Drivers/STM32F4xx_HAL_Driver/Src/stm32f4xx_hal_cortex.o
                                      0x7f649 (size before relaxing)
 .debug_str     0x00000000000829f6      0x322 Drivers/STM32F4xx_HAL_Driver/Src/stm32f4xx_hal_dma.o
                                      0x7f310 (size before relaxing)
 .debug_str     0x0000000000082d18      0x168 Drivers/STM32F4xx_HAL_Driver/Src/stm32f4xx_hal_gpio.o
                                      0x7f093 (size before relaxing)
 .debug_str     0x0000000000082e80      0x37e Drivers/STM32F4xx_HAL_Driver/Src/stm32f4xx_hal_rcc.o
                                      0x7f315 (size before relaxing)
 .debug_str     0x00000000000831fe      0x5c3 Drivers/STM32F4xx_HAL_Driver/Src/stm32f4xx_hal_uart.o
                                      0x7f8d9 (size before relaxing)
 .debug_str     0x00000000000837c1       0x2f startup/startup_stm32f401xe.o
                                         0x77 (size before relaxing)

.comment        0x0000000000000000       0x7f
 .comment       0x0000000000000000       0x7f Core/Src/it.o
                                         0x80 (size before relaxing)
 .comment       0x000000000000007f       0x80 Core/Src/main.o
 .comment       0x000000000000007f       0x80 Core/Src/msp.o
 .comment       0x000000000000007f       0x80 Core/Src/system_stm32f4xx.o
 .comment       0x000000000000007f       0x80 Drivers/STM32F4xx_HAL_Driver/Src/stm32f4xx_hal.o
 .comment       0x000000000000007f       0x80 Drivers/STM32F4xx_HAL_Driver/Src/stm32f4xx_hal_cortex.o
 .comment       0x000000000000007f       0x80 Drivers/STM32F4xx_HAL_Driver/Src/stm32f4xx_hal_dma.o
 .comment       0x000000000000007f       0x80 Drivers/STM32F4xx_HAL_Driver/Src/stm32f4xx_hal_gpio.o
 .comment       0x000000000000007f       0x80 Drivers/STM32F4xx_HAL_Driver/Src/stm32f4xx_hal_rcc.o
 .comment       0x000000000000007f       0x80 Drivers/STM32F4xx_HAL_Driver/Src/stm32f4xx_hal_uart.o

.debug_frame    0x0000000000000000      0xeac
 .debug_frame   0x0000000000000000       0x40 Core/Src/it.o
 .debug_frame   0x0000000000000040       0x74 Core/Src/main.o
 .debug_frame   0x00000000000000b4       0x48 Core/Src/msp.o
 .debug_frame   0x00000000000000fc       0x30 Core/Src/system_stm32f4xx.o
 .debug_frame   0x000000000000012c      0x1ec Drivers/STM32F4xx_HAL_Driver/Src/stm32f4xx_hal.o
 .debug_frame   0x0000000000000318      0x15c Drivers/STM32F4xx_HAL_Driver/Src/stm32f4xx_hal_cortex.o
 .debug_frame   0x0000000000000474      0x188 Drivers/STM32F4xx_HAL_Driver/Src/stm32f4xx_hal_dma.o
 .debug_frame   0x00000000000005fc       0xd8 Drivers/STM32F4xx_HAL_Driver/Src/stm32f4xx_hal_gpio.o
 .debug_frame   0x00000000000006d4      0x184 Drivers/STM32F4xx_HAL_Driver/Src/stm32f4xx_hal_rcc.o
 .debug_frame   0x0000000000000858      0x5c8 Drivers/STM32F4xx_HAL_Driver/Src/stm32f4xx_hal_uart.o
 .debug_frame   0x0000000000000e20       0x2c /home/ashwin/software/plugins/fr.ac6.mcu.externaltools.arm-none.linux64_1.17.0.201812190825/tools/compiler/bin/../lib/gcc/arm-none-eabi/7.3.1/thumb/v7e-m/fpv4-sp/hard/libgcc.a(_aeabi_uldivmod.o)
 .debug_frame   0x0000000000000e4c       0x34 /home/ashwin/software/plugins/fr.ac6.mcu.externaltools.arm-none.linux64_1.17.0.201812190825/tools/compiler/bin/../lib/gcc/arm-none-eabi/7.3.1/thumb/v7e-m/fpv4-sp/hard/libgcc.a(_udivmoddi4.o)
 .debug_frame   0x0000000000000e80       0x2c /home/ashwin/software/plugins/fr.ac6.mcu.externaltools.arm-none.linux64_1.17.0.201812190825/tools/compiler/bin/../lib/gcc/arm-none-eabi/7.3.1/../../../../arm-none-eabi/lib/thumb/v7e-m/fpv4-sp/hard/libc_nano.a(lib_a-init.o)

.debug_loc      0x0000000000000000     0x4faf
 .debug_loc     0x0000000000000000       0x3a Core/Src/main.o
 .debug_loc     0x000000000000003a       0x21 Core/Src/msp.o
 .debug_loc     0x000000000000005b      0x13e Core/Src/system_stm32f4xx.o
 .debug_loc     0x0000000000000199      0x11b Drivers/STM32F4xx_HAL_Driver/Src/stm32f4xx_hal.o
 .debug_loc     0x00000000000002b4      0x5ce Drivers/STM32F4xx_HAL_Driver/Src/stm32f4xx_hal_cortex.o
 .debug_loc     0x0000000000000882      0xb4e Drivers/STM32F4xx_HAL_Driver/Src/stm32f4xx_hal_dma.o
 .debug_loc     0x00000000000013d0      0x475 Drivers/STM32F4xx_HAL_Driver/Src/stm32f4xx_hal_gpio.o
 .debug_loc     0x0000000000001845      0x40f Drivers/STM32F4xx_HAL_Driver/Src/stm32f4xx_hal_rcc.o
 .debug_loc     0x0000000000001c54     0x335b Drivers/STM32F4xx_HAL_Driver/Src/stm32f4xx_hal_uart.o
