21:28:04 **** Build of configuration Release for project uart2_ex_ ****
make -j4 all 
Building file: ../startup/startup_stm32f401xe.s
Building file: ../Drivers/STM32F4xx_HAL_Driver/Src/stm32f4xx_hal.c
Building file: ../Drivers/STM32F4xx_HAL_Driver/Src/stm32f4xx_hal_cortex.c
Invoking: MCU GCC Assembler
Invoking: MCU GCC Compiler
/home/ashwin/Documents/stm32f401re/stm32codes/uart2_ex_/Release
Building file: ../Drivers/STM32F4xx_HAL_Driver/Src/stm32f4xx_hal_dma.c
Invoking: MCU GCC Compiler
arm-none-eabi-as -mcpu=cortex-m4 -mthumb -mfloat-abi=hard -mfpu=fpv4-sp-d16 -o "startup/startup_stm32f401xe.o" "../startup/startup_stm32f401xe.s"
/home/ashwin/Documents/stm32f401re/stm32codes/uart2_ex_/Release
Invoking: MCU GCC Compiler
arm-none-eabi-gcc -mcpu=cortex-m4 -mthumb -mfloat-abi=hard -mfpu=fpv4-sp-d16 -DUSE_HAL_DRIVER -DSTM32F401xE -I"/home/ashwin/Documents/stm32f401re/stm32codes/uart2_ex_/Core/Inc" -I"/home/ashwin/Documents/stm32f401re/stm32codes/uart2_ex_/Drivers/STM32F4xx_HAL_Driver/Inc" -I"/home/ashwin/Documents/stm32f401re/stm32codes/uart2_ex_/Drivers/STM32F4xx_HAL_Driver/Inc/Legacy" -I"/home/ashwin/Documents/stm32f401re/stm32codes/uart2_ex_/Drivers/CMSIS/Device/ST/STM32F4xx/Include" -I"/home/ashwin/Documents/stm32f401re/stm32codes/uart2_ex_/Drivers/CMSIS/Include"  -Og -g3 -Wall -fmessage-length=0 -ffunction-sections -c -fmessage-length=0 -MMD -MP -MF"Drivers/STM32F4xx_HAL_Driver/Src/stm32f4xx_hal.d" -MT"Drivers/STM32F4xx_HAL_Driver/Src/stm32f4xx_hal.o" -o "Drivers/STM32F4xx_HAL_Driver/Src/stm32f4xx_hal.o" "../Drivers/STM32F4xx_HAL_Driver/Src/stm32f4xx_hal.c"
/home/ashwin/Documents/stm32f401re/stm32codes/uart2_ex_/Release
arm-none-eabi-gcc -mcpu=cortex-m4 -mthumb -mfloat-abi=hard -mfpu=fpv4-sp-d16 -DUSE_HAL_DRIVER -DSTM32F401xE -I"/home/ashwin/Documents/stm32f401re/stm32codes/uart2_ex_/Core/Inc" -I"/home/ashwin/Documents/stm32f401re/stm32codes/uart2_ex_/Drivers/STM32F4xx_HAL_Driver/Inc" -I"/home/ashwin/Documents/stm32f401re/stm32codes/uart2_ex_/Drivers/STM32F4xx_HAL_Driver/Inc/Legacy" -I"/home/ashwin/Documents/stm32f401re/stm32codes/uart2_ex_/Drivers/CMSIS/Device/ST/STM32F4xx/Include" -I"/home/ashwin/Documents/stm32f401re/stm32codes/uart2_ex_/Drivers/CMSIS/Include"  -Og -g3 -Wall -fmessage-length=0 -ffunction-sections -c -fmessage-length=0 -MMD -MP -MF"Drivers/STM32F4xx_HAL_Driver/Src/stm32f4xx_hal_dma.d" -MT"Drivers/STM32F4xx_HAL_Driver/Src/stm32f4xx_hal_dma.o" -o "Drivers/STM32F4xx_HAL_Driver/Src/stm32f4xx_hal_dma.o" "../Drivers/STM32F4xx_HAL_Driver/Src/stm32f4xx_hal_dma.c"
/home/ashwin/Documents/stm32f401re/stm32codes/uart2_ex_/Release
arm-none-eabi-gcc -mcpu=cortex-m4 -mthumb -mfloat-abi=hard -mfpu=fpv4-sp-d16 -DUSE_HAL_DRIVER -DSTM32F401xE -I"/home/ashwin/Documents/stm32f401re/stm32codes/uart2_ex_/Core/Inc" -I"/home/ashwin/Documents/stm32f401re/stm32codes/uart2_ex_/Drivers/STM32F4xx_HAL_Driver/Inc" -I"/home/ashwin/Documents/stm32f401re/stm32codes/uart2_ex_/Drivers/STM32F4xx_HAL_Driver/Inc/Legacy" -I"/home/ashwin/Documents/stm32f401re/stm32codes/uart2_ex_/Drivers/CMSIS/Device/ST/STM32F4xx/Include" -I"/home/ashwin/Documents/stm32f401re/stm32codes/uart2_ex_/Drivers/CMSIS/Include"  -Og -g3 -Wall -fmessage-length=0 -ffunction-sections -c -fmessage-length=0 -MMD -MP -MF"Drivers/STM32F4xx_HAL_Driver/Src/stm32f4xx_hal_cortex.d" -MT"Drivers/STM32F4xx_HAL_Driver/Src/stm32f4xx_hal_cortex.o" -o "Drivers/STM32F4xx_HAL_Driver/Src/stm32f4xx_hal_cortex.o" "../Drivers/STM32F4xx_HAL_Driver/Src/stm32f4xx_hal_cortex.c"
Finished building: ../startup/startup_stm32f401xe.s
 
Building file: ../Drivers/STM32F4xx_HAL_Driver/Src/stm32f4xx_hal_dma_ex.c
Invoking: MCU GCC Compiler
/home/ashwin/Documents/stm32f401re/stm32codes/uart2_ex_/Release
arm-none-eabi-gcc -mcpu=cortex-m4 -mthumb -mfloat-abi=hard -mfpu=fpv4-sp-d16 -DUSE_HAL_DRIVER -DSTM32F401xE -I"/home/ashwin/Documents/stm32f401re/stm32codes/uart2_ex_/Core/Inc" -I"/home/ashwin/Documents/stm32f401re/stm32codes/uart2_ex_/Drivers/STM32F4xx_HAL_Driver/Inc" -I"/home/ashwin/Documents/stm32f401re/stm32codes/uart2_ex_/Drivers/STM32F4xx_HAL_Driver/Inc/Legacy" -I"/home/ashwin/Documents/stm32f401re/stm32codes/uart2_ex_/Drivers/CMSIS/Device/ST/STM32F4xx/Include" -I"/home/ashwin/Documents/stm32f401re/stm32codes/uart2_ex_/Drivers/CMSIS/Include"  -Og -g3 -Wall -fmessage-length=0 -ffunction-sections -c -fmessage-length=0 -MMD -MP -MF"Drivers/STM32F4xx_HAL_Driver/Src/stm32f4xx_hal_dma_ex.d" -MT"Drivers/STM32F4xx_HAL_Driver/Src/stm32f4xx_hal_dma_ex.o" -o "Drivers/STM32F4xx_HAL_Driver/Src/stm32f4xx_hal_dma_ex.o" "../Drivers/STM32F4xx_HAL_Driver/Src/stm32f4xx_hal_dma_ex.c"
Finished building: ../Drivers/STM32F4xx_HAL_Driver/Src/stm32f4xx_hal.c
 
Building file: ../Drivers/STM32F4xx_HAL_Driver/Src/stm32f4xx_hal_exti.c
Invoking: MCU GCC Compiler
/home/ashwin/Documents/stm32f401re/stm32codes/uart2_ex_/Release
arm-none-eabi-gcc -mcpu=cortex-m4 -mthumb -mfloat-abi=hard -mfpu=fpv4-sp-d16 -DUSE_HAL_DRIVER -DSTM32F401xE -I"/home/ashwin/Documents/stm32f401re/stm32codes/uart2_ex_/Core/Inc" -I"/home/ashwin/Documents/stm32f401re/stm32codes/uart2_ex_/Drivers/STM32F4xx_HAL_Driver/Inc" -I"/home/ashwin/Documents/stm32f401re/stm32codes/uart2_ex_/Drivers/STM32F4xx_HAL_Driver/Inc/Legacy" -I"/home/ashwin/Documents/stm32f401re/stm32codes/uart2_ex_/Drivers/CMSIS/Device/ST/STM32F4xx/Include" -I"/home/ashwin/Documents/stm32f401re/stm32codes/uart2_ex_/Drivers/CMSIS/Include"  -Og -g3 -Wall -fmessage-length=0 -ffunction-sections -c -fmessage-length=0 -MMD -MP -MF"Drivers/STM32F4xx_HAL_Driver/Src/stm32f4xx_hal_exti.d" -MT"Drivers/STM32F4xx_HAL_Driver/Src/stm32f4xx_hal_exti.o" -o "Drivers/STM32F4xx_HAL_Driver/Src/stm32f4xx_hal_exti.o" "../Drivers/STM32F4xx_HAL_Driver/Src/stm32f4xx_hal_exti.c"
Finished building: ../Drivers/STM32F4xx_HAL_Driver/Src/stm32f4xx_hal_cortex.c
 
Building file: ../Drivers/STM32F4xx_HAL_Driver/Src/stm32f4xx_hal_flash.c
Invoking: MCU GCC Compiler
Finished building: ../Drivers/STM32F4xx_HAL_Driver/Src/stm32f4xx_hal_dma_ex.c
/home/ashwin/Documents/stm32f401re/stm32codes/uart2_ex_/Release
arm-none-eabi-gcc -mcpu=cortex-m4 -mthumb -mfloat-abi=hard -mfpu=fpv4-sp-d16 -DUSE_HAL_DRIVER -DSTM32F401xE -I"/home/ashwin/Documents/stm32f401re/stm32codes/uart2_ex_/Core/Inc" -I"/home/ashwin/Documents/stm32f401re/stm32codes/uart2_ex_/Drivers/STM32F4xx_HAL_Driver/Inc" -I"/home/ashwin/Documents/stm32f401re/stm32codes/uart2_ex_/Drivers/STM32F4xx_HAL_Driver/Inc/Legacy" -I"/home/ashwin/Documents/stm32f401re/stm32codes/uart2_ex_/Drivers/CMSIS/Device/ST/STM32F4xx/Include" -I"/home/ashwin/Documents/stm32f401re/stm32codes/uart2_ex_/Drivers/CMSIS/Include"  -Og -g3 -Wall -fmessage-length=0 -ffunction-sections -c -fmessage-length=0 -MMD -MP -MF"Drivers/STM32F4xx_HAL_Driver/Src/stm32f4xx_hal_flash.d" -MT"Drivers/STM32F4xx_HAL_Driver/Src/stm32f4xx_hal_flash.o" -o "Drivers/STM32F4xx_HAL_Driver/Src/stm32f4xx_hal_flash.o" "../Drivers/STM32F4xx_HAL_Driver/Src/stm32f4xx_hal_flash.c"
 
Building file: ../Drivers/STM32F4xx_HAL_Driver/Src/stm32f4xx_hal_flash_ex.c
Invoking: MCU GCC Compiler
/home/ashwin/Documents/stm32f401re/stm32codes/uart2_ex_/Release
arm-none-eabi-gcc -mcpu=cortex-m4 -mthumb -mfloat-abi=hard -mfpu=fpv4-sp-d16 -DUSE_HAL_DRIVER -DSTM32F401xE -I"/home/ashwin/Documents/stm32f401re/stm32codes/uart2_ex_/Core/Inc" -I"/home/ashwin/Documents/stm32f401re/stm32codes/uart2_ex_/Drivers/STM32F4xx_HAL_Driver/Inc" -I"/home/ashwin/Documents/stm32f401re/stm32codes/uart2_ex_/Drivers/STM32F4xx_HAL_Driver/Inc/Legacy" -I"/home/ashwin/Documents/stm32f401re/stm32codes/uart2_ex_/Drivers/CMSIS/Device/ST/STM32F4xx/Include" -I"/home/ashwin/Documents/stm32f401re/stm32codes/uart2_ex_/Drivers/CMSIS/Include"  -Og -g3 -Wall -fmessage-length=0 -ffunction-sections -c -fmessage-length=0 -MMD -MP -MF"Drivers/STM32F4xx_HAL_Driver/Src/stm32f4xx_hal_flash_ex.d" -MT"Drivers/STM32F4xx_HAL_Driver/Src/stm32f4xx_hal_flash_ex.o" -o "Drivers/STM32F4xx_HAL_Driver/Src/stm32f4xx_hal_flash_ex.o" "../Drivers/STM32F4xx_HAL_Driver/Src/stm32f4xx_hal_flash_ex.c"
Finished building: ../Drivers/STM32F4xx_HAL_Driver/Src/stm32f4xx_hal_dma.c
 
Building file: ../Drivers/STM32F4xx_HAL_Driver/Src/stm32f4xx_hal_flash_ramfunc.c
Invoking: MCU GCC Compiler
/home/ashwin/Documents/stm32f401re/stm32codes/uart2_ex_/Release
arm-none-eabi-gcc -mcpu=cortex-m4 -mthumb -mfloat-abi=hard -mfpu=fpv4-sp-d16 -DUSE_HAL_DRIVER -DSTM32F401xE -I"/home/ashwin/Documents/stm32f401re/stm32codes/uart2_ex_/Core/Inc" -I"/home/ashwin/Documents/stm32f401re/stm32codes/uart2_ex_/Drivers/STM32F4xx_HAL_Driver/Inc" -I"/home/ashwin/Documents/stm32f401re/stm32codes/uart2_ex_/Drivers/STM32F4xx_HAL_Driver/Inc/Legacy" -I"/home/ashwin/Documents/stm32f401re/stm32codes/uart2_ex_/Drivers/CMSIS/Device/ST/STM32F4xx/Include" -I"/home/ashwin/Documents/stm32f401re/stm32codes/uart2_ex_/Drivers/CMSIS/Include"  -Og -g3 -Wall -fmessage-length=0 -ffunction-sections -c -fmessage-length=0 -MMD -MP -MF"Drivers/STM32F4xx_HAL_Driver/Src/stm32f4xx_hal_flash_ramfunc.d" -MT"Drivers/STM32F4xx_HAL_Driver/Src/stm32f4xx_hal_flash_ramfunc.o" -o "Drivers/STM32F4xx_HAL_Driver/Src/stm32f4xx_hal_flash_ramfunc.o" "../Drivers/STM32F4xx_HAL_Driver/Src/stm32f4xx_hal_flash_ramfunc.c"
Finished building: ../Drivers/STM32F4xx_HAL_Driver/Src/stm32f4xx_hal_exti.c
 
Building file: ../Drivers/STM32F4xx_HAL_Driver/Src/stm32f4xx_hal_gpio.c
Invoking: MCU GCC Compiler
/home/ashwin/Documents/stm32f401re/stm32codes/uart2_ex_/Release
arm-none-eabi-gcc -mcpu=cortex-m4 -mthumb -mfloat-abi=hard -mfpu=fpv4-sp-d16 -DUSE_HAL_DRIVER -DSTM32F401xE -I"/home/ashwin/Documents/stm32f401re/stm32codes/uart2_ex_/Core/Inc" -I"/home/ashwin/Documents/stm32f401re/stm32codes/uart2_ex_/Drivers/STM32F4xx_HAL_Driver/Inc" -I"/home/ashwin/Documents/stm32f401re/stm32codes/uart2_ex_/Drivers/STM32F4xx_HAL_Driver/Inc/Legacy" -I"/home/ashwin/Documents/stm32f401re/stm32codes/uart2_ex_/Drivers/CMSIS/Device/ST/STM32F4xx/Include" -I"/home/ashwin/Documents/stm32f401re/stm32codes/uart2_ex_/Drivers/CMSIS/Include"  -Og -g3 -Wall -fmessage-length=0 -ffunction-sections -c -fmessage-length=0 -MMD -MP -MF"Drivers/STM32F4xx_HAL_Driver/Src/stm32f4xx_hal_gpio.d" -MT"Drivers/STM32F4xx_HAL_Driver/Src/stm32f4xx_hal_gpio.o" -o "Drivers/STM32F4xx_HAL_Driver/Src/stm32f4xx_hal_gpio.o" "../Drivers/STM32F4xx_HAL_Driver/Src/stm32f4xx_hal_gpio.c"
Finished building: ../Drivers/STM32F4xx_HAL_Driver/Src/stm32f4xx_hal_flash.c
 
Building file: ../Drivers/STM32F4xx_HAL_Driver/Src/stm32f4xx_hal_pwr.c
Invoking: MCU GCC Compiler
/home/ashwin/Documents/stm32f401re/stm32codes/uart2_ex_/Release
arm-none-eabi-gcc -mcpu=cortex-m4 -mthumb -mfloat-abi=hard -mfpu=fpv4-sp-d16 -DUSE_HAL_DRIVER -DSTM32F401xE -I"/home/ashwin/Documents/stm32f401re/stm32codes/uart2_ex_/Core/Inc" -I"/home/ashwin/Documents/stm32f401re/stm32codes/uart2_ex_/Drivers/STM32F4xx_HAL_Driver/Inc" -I"/home/ashwin/Documents/stm32f401re/stm32codes/uart2_ex_/Drivers/STM32F4xx_HAL_Driver/Inc/Legacy" -I"/home/ashwin/Documents/stm32f401re/stm32codes/uart2_ex_/Drivers/CMSIS/Device/ST/STM32F4xx/Include" -I"/home/ashwin/Documents/stm32f401re/stm32codes/uart2_ex_/Drivers/CMSIS/Include"  -Og -g3 -Wall -fmessage-length=0 -ffunction-sections -c -fmessage-length=0 -MMD -MP -MF"Drivers/STM32F4xx_HAL_Driver/Src/stm32f4xx_hal_pwr.d" -MT"Drivers/STM32F4xx_HAL_Driver/Src/stm32f4xx_hal_pwr.o" -o "Drivers/STM32F4xx_HAL_Driver/Src/stm32f4xx_hal_pwr.o" "../Drivers/STM32F4xx_HAL_Driver/Src/stm32f4xx_hal_pwr.c"
Finished building: ../Drivers/STM32F4xx_HAL_Driver/Src/stm32f4xx_hal_flash_ex.c
 
Building file: ../Drivers/STM32F4xx_HAL_Driver/Src/stm32f4xx_hal_pwr_ex.c
Invoking: MCU GCC Compiler
/home/ashwin/Documents/stm32f401re/stm32codes/uart2_ex_/Release
arm-none-eabi-gcc -mcpu=cortex-m4 -mthumb -mfloat-abi=hard -mfpu=fpv4-sp-d16 -DUSE_HAL_DRIVER -DSTM32F401xE -I"/home/ashwin/Documents/stm32f401re/stm32codes/uart2_ex_/Core/Inc" -I"/home/ashwin/Documents/stm32f401re/stm32codes/uart2_ex_/Drivers/STM32F4xx_HAL_Driver/Inc" -I"/home/ashwin/Documents/stm32f401re/stm32codes/uart2_ex_/Drivers/STM32F4xx_HAL_Driver/Inc/Legacy" -I"/home/ashwin/Documents/stm32f401re/stm32codes/uart2_ex_/Drivers/CMSIS/Device/ST/STM32F4xx/Include" -I"/home/ashwin/Documents/stm32f401re/stm32codes/uart2_ex_/Drivers/CMSIS/Include"  -Og -g3 -Wall -fmessage-length=0 -ffunction-sections -c -fmessage-length=0 -MMD -MP -MF"Drivers/STM32F4xx_HAL_Driver/Src/stm32f4xx_hal_pwr_ex.d" -MT"Drivers/STM32F4xx_HAL_Driver/Src/stm32f4xx_hal_pwr_ex.o" -o "Drivers/STM32F4xx_HAL_Driver/Src/stm32f4xx_hal_pwr_ex.o" "../Drivers/STM32F4xx_HAL_Driver/Src/stm32f4xx_hal_pwr_ex.c"
Finished building: ../Drivers/STM32F4xx_HAL_Driver/Src/stm32f4xx_hal_flash_ramfunc.c
 
Building file: ../Drivers/STM32F4xx_HAL_Driver/Src/stm32f4xx_hal_rcc.c
Invoking: MCU GCC Compiler
/home/ashwin/Documents/stm32f401re/stm32codes/uart2_ex_/Release
arm-none-eabi-gcc -mcpu=cortex-m4 -mthumb -mfloat-abi=hard -mfpu=fpv4-sp-d16 -DUSE_HAL_DRIVER -DSTM32F401xE -I"/home/ashwin/Documents/stm32f401re/stm32codes/uart2_ex_/Core/Inc" -I"/home/ashwin/Documents/stm32f401re/stm32codes/uart2_ex_/Drivers/STM32F4xx_HAL_Driver/Inc" -I"/home/ashwin/Documents/stm32f401re/stm32codes/uart2_ex_/Drivers/STM32F4xx_HAL_Driver/Inc/Legacy" -I"/home/ashwin/Documents/stm32f401re/stm32codes/uart2_ex_/Drivers/CMSIS/Device/ST/STM32F4xx/Include" -I"/home/ashwin/Documents/stm32f401re/stm32codes/uart2_ex_/Drivers/CMSIS/Include"  -Og -g3 -Wall -fmessage-length=0 -ffunction-sections -c -fmessage-length=0 -MMD -MP -MF"Drivers/STM32F4xx_HAL_Driver/Src/stm32f4xx_hal_rcc.d" -MT"Drivers/STM32F4xx_HAL_Driver/Src/stm32f4xx_hal_rcc.o" -o "Drivers/STM32F4xx_HAL_Driver/Src/stm32f4xx_hal_rcc.o" "../Drivers/STM32F4xx_HAL_Driver/Src/stm32f4xx_hal_rcc.c"
Finished building: ../Drivers/STM32F4xx_HAL_Driver/Src/stm32f4xx_hal_gpio.c
 
Building file: ../Drivers/STM32F4xx_HAL_Driver/Src/stm32f4xx_hal_rcc_ex.c
Finished building: ../Drivers/STM32F4xx_HAL_Driver/Src/stm32f4xx_hal_pwr.c
Invoking: MCU GCC Compiler
 
/home/ashwin/Documents/stm32f401re/stm32codes/uart2_ex_/Release
arm-none-eabi-gcc -mcpu=cortex-m4 -mthumb -mfloat-abi=hard -mfpu=fpv4-sp-d16 -DUSE_HAL_DRIVER -DSTM32F401xE -I"/home/ashwin/Documents/stm32f401re/stm32codes/uart2_ex_/Core/Inc" -I"/home/ashwin/Documents/stm32f401re/stm32codes/uart2_ex_/Drivers/STM32F4xx_HAL_Driver/Inc" -I"/home/ashwin/Documents/stm32f401re/stm32codes/uart2_ex_/Drivers/STM32F4xx_HAL_Driver/Inc/Legacy" -I"/home/ashwin/Documents/stm32f401re/stm32codes/uart2_ex_/Drivers/CMSIS/Device/ST/STM32F4xx/Include" -I"/home/ashwin/Documents/stm32f401re/stm32codes/uart2_ex_/Drivers/CMSIS/Include"  -Og -g3 -Wall -fmessage-length=0 -ffunction-sections -c -fmessage-length=0 -MMD -MP -MF"Drivers/STM32F4xx_HAL_Driver/Src/stm32f4xx_hal_rcc_ex.d" -MT"Drivers/STM32F4xx_HAL_Driver/Src/stm32f4xx_hal_rcc_ex.o" -o "Drivers/STM32F4xx_HAL_Driver/Src/stm32f4xx_hal_rcc_ex.o" "../Drivers/STM32F4xx_HAL_Driver/Src/stm32f4xx_hal_rcc_ex.c"
Building file: ../Drivers/STM32F4xx_HAL_Driver/Src/stm32f4xx_hal_tim.c
Invoking: MCU GCC Compiler
/home/ashwin/Documents/stm32f401re/stm32codes/uart2_ex_/Release
arm-none-eabi-gcc -mcpu=cortex-m4 -mthumb -mfloat-abi=hard -mfpu=fpv4-sp-d16 -DUSE_HAL_DRIVER -DSTM32F401xE -I"/home/ashwin/Documents/stm32f401re/stm32codes/uart2_ex_/Core/Inc" -I"/home/ashwin/Documents/stm32f401re/stm32codes/uart2_ex_/Drivers/STM32F4xx_HAL_Driver/Inc" -I"/home/ashwin/Documents/stm32f401re/stm32codes/uart2_ex_/Drivers/STM32F4xx_HAL_Driver/Inc/Legacy" -I"/home/ashwin/Documents/stm32f401re/stm32codes/uart2_ex_/Drivers/CMSIS/Device/ST/STM32F4xx/Include" -I"/home/ashwin/Documents/stm32f401re/stm32codes/uart2_ex_/Drivers/CMSIS/Include"  -Og -g3 -Wall -fmessage-length=0 -ffunction-sections -c -fmessage-length=0 -MMD -MP -MF"Drivers/STM32F4xx_HAL_Driver/Src/stm32f4xx_hal_tim.d" -MT"Drivers/STM32F4xx_HAL_Driver/Src/stm32f4xx_hal_tim.o" -o "Drivers/STM32F4xx_HAL_Driver/Src/stm32f4xx_hal_tim.o" "../Drivers/STM32F4xx_HAL_Driver/Src/stm32f4xx_hal_tim.c"
Finished building: ../Drivers/STM32F4xx_HAL_Driver/Src/stm32f4xx_hal_pwr_ex.c
 
Building file: ../Drivers/STM32F4xx_HAL_Driver/Src/stm32f4xx_hal_tim_ex.c
Invoking: MCU GCC Compiler
/home/ashwin/Documents/stm32f401re/stm32codes/uart2_ex_/Release
arm-none-eabi-gcc -mcpu=cortex-m4 -mthumb -mfloat-abi=hard -mfpu=fpv4-sp-d16 -DUSE_HAL_DRIVER -DSTM32F401xE -I"/home/ashwin/Documents/stm32f401re/stm32codes/uart2_ex_/Core/Inc" -I"/home/ashwin/Documents/stm32f401re/stm32codes/uart2_ex_/Drivers/STM32F4xx_HAL_Driver/Inc" -I"/home/ashwin/Documents/stm32f401re/stm32codes/uart2_ex_/Drivers/STM32F4xx_HAL_Driver/Inc/Legacy" -I"/home/ashwin/Documents/stm32f401re/stm32codes/uart2_ex_/Drivers/CMSIS/Device/ST/STM32F4xx/Include" -I"/home/ashwin/Documents/stm32f401re/stm32codes/uart2_ex_/Drivers/CMSIS/Include"  -Og -g3 -Wall -fmessage-length=0 -ffunction-sections -c -fmessage-length=0 -MMD -MP -MF"Drivers/STM32F4xx_HAL_Driver/Src/stm32f4xx_hal_tim_ex.d" -MT"Drivers/STM32F4xx_HAL_Driver/Src/stm32f4xx_hal_tim_ex.o" -o "Drivers/STM32F4xx_HAL_Driver/Src/stm32f4xx_hal_tim_ex.o" "../Drivers/STM32F4xx_HAL_Driver/Src/stm32f4xx_hal_tim_ex.c"
Finished building: ../Drivers/STM32F4xx_HAL_Driver/Src/stm32f4xx_hal_rcc.c
 
Building file: ../Drivers/STM32F4xx_HAL_Driver/Src/stm32f4xx_hal_uart.c
Invoking: MCU GCC Compiler
/home/ashwin/Documents/stm32f401re/stm32codes/uart2_ex_/Release
arm-none-eabi-gcc -mcpu=cortex-m4 -mthumb -mfloat-abi=hard -mfpu=fpv4-sp-d16 -DUSE_HAL_DRIVER -DSTM32F401xE -I"/home/ashwin/Documents/stm32f401re/stm32codes/uart2_ex_/Core/Inc" -I"/home/ashwin/Documents/stm32f401re/stm32codes/uart2_ex_/Drivers/STM32F4xx_HAL_Driver/Inc" -I"/home/ashwin/Documents/stm32f401re/stm32codes/uart2_ex_/Drivers/STM32F4xx_HAL_Driver/Inc/Legacy" -I"/home/ashwin/Documents/stm32f401re/stm32codes/uart2_ex_/Drivers/CMSIS/Device/ST/STM32F4xx/Include" -I"/home/ashwin/Documents/stm32f401re/stm32codes/uart2_ex_/Drivers/CMSIS/Include"  -Og -g3 -Wall -fmessage-length=0 -ffunction-sections -c -fmessage-length=0 -MMD -MP -MF"Drivers/STM32F4xx_HAL_Driver/Src/stm32f4xx_hal_uart.d" -MT"Drivers/STM32F4xx_HAL_Driver/Src/stm32f4xx_hal_uart.o" -o "Drivers/STM32F4xx_HAL_Driver/Src/stm32f4xx_hal_uart.o" "../Drivers/STM32F4xx_HAL_Driver/Src/stm32f4xx_hal_uart.c"
Finished building: ../Drivers/STM32F4xx_HAL_Driver/Src/stm32f4xx_hal_tim.c
 
Building file: ../Core/Src/it.c
Invoking: MCU GCC Compiler
Finished building: ../Drivers/STM32F4xx_HAL_Driver/Src/stm32f4xx_hal_rcc_ex.c
 
/home/ashwin/Documents/stm32f401re/stm32codes/uart2_ex_/Release
Building file: ../Core/Src/main.c
arm-none-eabi-gcc -mcpu=cortex-m4 -mthumb -mfloat-abi=hard -mfpu=fpv4-sp-d16 -DUSE_HAL_DRIVER -DSTM32F401xE -I"/home/ashwin/Documents/stm32f401re/stm32codes/uart2_ex_/Core/Inc" -I"/home/ashwin/Documents/stm32f401re/stm32codes/uart2_ex_/Drivers/STM32F4xx_HAL_Driver/Inc" -I"/home/ashwin/Documents/stm32f401re/stm32codes/uart2_ex_/Drivers/STM32F4xx_HAL_Driver/Inc/Legacy" -I"/home/ashwin/Documents/stm32f401re/stm32codes/uart2_ex_/Drivers/CMSIS/Device/ST/STM32F4xx/Include" -I"/home/ashwin/Documents/stm32f401re/stm32codes/uart2_ex_/Drivers/CMSIS/Include"  -Og -g3 -Wall -fmessage-length=0 -ffunction-sections -c -fmessage-length=0 -MMD -MP -MF"Core/Src/it.d" -MT"Core/Src/it.o" -o "Core/Src/it.o" "../Core/Src/it.c"
Invoking: MCU GCC Compiler
/home/ashwin/Documents/stm32f401re/stm32codes/uart2_ex_/Release
arm-none-eabi-gcc -mcpu=cortex-m4 -mthumb -mfloat-abi=hard -mfpu=fpv4-sp-d16 -DUSE_HAL_DRIVER -DSTM32F401xE -I"/home/ashwin/Documents/stm32f401re/stm32codes/uart2_ex_/Core/Inc" -I"/home/ashwin/Documents/stm32f401re/stm32codes/uart2_ex_/Drivers/STM32F4xx_HAL_Driver/Inc" -I"/home/ashwin/Documents/stm32f401re/stm32codes/uart2_ex_/Drivers/STM32F4xx_HAL_Driver/Inc/Legacy" -I"/home/ashwin/Documents/stm32f401re/stm32codes/uart2_ex_/Drivers/CMSIS/Device/ST/STM32F4xx/Include" -I"/home/ashwin/Documents/stm32f401re/stm32codes/uart2_ex_/Drivers/CMSIS/Include"  -Og -g3 -Wall -fmessage-length=0 -ffunction-sections -c -fmessage-length=0 -MMD -MP -MF"Core/Src/main.d" -MT"Core/Src/main.o" -o "Core/Src/main.o" "../Core/Src/main.c"
Finished building: ../Drivers/STM32F4xx_HAL_Driver/Src/stm32f4xx_hal_tim_ex.c
 
Building file: ../Core/Src/msp.c
Invoking: MCU GCC Compiler
/home/ashwin/Documents/stm32f401re/stm32codes/uart2_ex_/Release
arm-none-eabi-gcc -mcpu=cortex-m4 -mthumb -mfloat-abi=hard -mfpu=fpv4-sp-d16 -DUSE_HAL_DRIVER -DSTM32F401xE -I"/home/ashwin/Documents/stm32f401re/stm32codes/uart2_ex_/Core/Inc" -I"/home/ashwin/Documents/stm32f401re/stm32codes/uart2_ex_/Drivers/STM32F4xx_HAL_Driver/Inc" -I"/home/ashwin/Documents/stm32f401re/stm32codes/uart2_ex_/Drivers/STM32F4xx_HAL_Driver/Inc/Legacy" -I"/home/ashwin/Documents/stm32f401re/stm32codes/uart2_ex_/Drivers/CMSIS/Device/ST/STM32F4xx/Include" -I"/home/ashwin/Documents/stm32f401re/stm32codes/uart2_ex_/Drivers/CMSIS/Include"  -Og -g3 -Wall -fmessage-length=0 -ffunction-sections -c -fmessage-length=0 -MMD -MP -MF"Core/Src/msp.d" -MT"Core/Src/msp.o" -o "Core/Src/msp.o" "../Core/Src/msp.c"
Finished building: ../Core/Src/it.c
 
Building file: ../Core/Src/syscalls.c
Invoking: MCU GCC Compiler
/home/ashwin/Documents/stm32f401re/stm32codes/uart2_ex_/Release
arm-none-eabi-gcc -mcpu=cortex-m4 -mthumb -mfloat-abi=hard -mfpu=fpv4-sp-d16 -DUSE_HAL_DRIVER -DSTM32F401xE -I"/home/ashwin/Documents/stm32f401re/stm32codes/uart2_ex_/Core/Inc" -I"/home/ashwin/Documents/stm32f401re/stm32codes/uart2_ex_/Drivers/STM32F4xx_HAL_Driver/Inc" -I"/home/ashwin/Documents/stm32f401re/stm32codes/uart2_ex_/Drivers/STM32F4xx_HAL_Driver/Inc/Legacy" -I"/home/ashwin/Documents/stm32f401re/stm32codes/uart2_ex_/Drivers/CMSIS/Device/ST/STM32F4xx/Include" -I"/home/ashwin/Documents/stm32f401re/stm32codes/uart2_ex_/Drivers/CMSIS/Include"  -Og -g3 -Wall -fmessage-length=0 -ffunction-sections -c -fmessage-length=0 -MMD -MP -MF"Core/Src/syscalls.d" -MT"Core/Src/syscalls.o" -o "Core/Src/syscalls.o" "../Core/Src/syscalls.c"
Finished building: ../Core/Src/main.c
 
Building file: ../Core/Src/system_stm32f4xx.c
Invoking: MCU GCC Compiler
/home/ashwin/Documents/stm32f401re/stm32codes/uart2_ex_/Release
arm-none-eabi-gcc -mcpu=cortex-m4 -mthumb -mfloat-abi=hard -mfpu=fpv4-sp-d16 -DUSE_HAL_DRIVER -DSTM32F401xE -I"/home/ashwin/Documents/stm32f401re/stm32codes/uart2_ex_/Core/Inc" -I"/home/ashwin/Documents/stm32f401re/stm32codes/uart2_ex_/Drivers/STM32F4xx_HAL_Driver/Inc" -I"/home/ashwin/Documents/stm32f401re/stm32codes/uart2_ex_/Drivers/STM32F4xx_HAL_Driver/Inc/Legacy" -I"/home/ashwin/Documents/stm32f401re/stm32codes/uart2_ex_/Drivers/CMSIS/Device/ST/STM32F4xx/Include" -I"/home/ashwin/Documents/stm32f401re/stm32codes/uart2_ex_/Drivers/CMSIS/Include"  -Og -g3 -Wall -fmessage-length=0 -ffunction-sections -c -fmessage-length=0 -MMD -MP -MF"Core/Src/system_stm32f4xx.d" -MT"Core/Src/system_stm32f4xx.o" -o "Core/Src/system_stm32f4xx.o" "../Core/Src/system_stm32f4xx.c"
Finished building: ../Core/Src/syscalls.c
 
Finished building: ../Core/Src/msp.c
 
Finished building: ../Drivers/STM32F4xx_HAL_Driver/Src/stm32f4xx_hal_uart.c
 
Finished building: ../Core/Src/system_stm32f4xx.c
 
Building target: uart2_ex_.elf
Invoking: MCU GCC Linker
arm-none-eabi-gcc -mcpu=cortex-m4 -mthumb -mfloat-abi=hard -mfpu=fpv4-sp-d16 -specs=nosys.specs -specs=nano.specs -T"../STM32F401RETx_FLASH.ld" -Wl,-Map=output.map -Wl,--gc-sections -o "uart2_ex_.elf" @"objects.list"   -lm
Finished building target: uart2_ex_.elf
 
make --no-print-directory post-build
Generating hex and Printing size information:
arm-none-eabi-objcopy -O ihex "uart2_ex_.elf" "uart2_ex_.hex"
arm-none-eabi-size "uart2_ex_.elf"
   text	   data	    bss	    dec	    hex	filename
   4944	     24	   1744	   6712	   1a38	uart2_ex_.elf
 

21:28:08 Build Finished (took 3s.324ms)

